
[1m[46m RUN [49m[22m [36mv4.1.1 [39m[90mC:/Users/VICTUS/Projects/demo[39m

 [32mΓ£ô[39m src/__tests__/api.test.ts [2m([22m[2m8 tests[22m[2m)[22m[32m 13[2mms[22m[39m

[2m Test Files [22m [1m[32m1 passed[39m[22m[90m (1)[39m
[2m      Tests [22m [1m[32m8 passed[39m[22m[90m (8)[39m
[2m   Start at [22m 23:52:56
[2m   Duration [22m 2.46s[2m (transform 95ms, setup 0ms, import 137ms, tests 13ms, environment 1.98s)[22m

